BL51 BANKED LINKER/LOCATER V6.22.4.0                                                    08/24/2023  15:40:58  PAGE 1


BL51 BANKED LINKER/LOCATER V6.22.4.0, INVOKED BY:
C:\KEIL_V5\C51\BIN\BL51.EXE .\Objects\STARTUP.obj, .\Objects\main.obj TO .\Objects\test PRINT (.\Listings\test.m51) RAMS
>> IZE (256)


MEMORY MODEL: SMALL


INPUT MODULES INCLUDED:
  .\Objects\STARTUP.obj (?C_STARTUP)
  .\Objects\main.obj (MAIN)
  C:\KEIL_V5\C51\LIB\C51S.LIB (?C?ULDIV)


LINK MAP OF MODULE:  .\Objects\test (?C_STARTUP)


            TYPE    BASE      LENGTH    RELOCATION   SEGMENT NAME
            -----------------------------------------------------

            * * * * * * *   D A T A   M E M O R Y   * * * * * * *
            REG     0000H     0008H     ABSOLUTE     "REG BANK 0"
            DATA    0008H     0004H     UNIT         ?DT?MAIN
            IDATA   000CH     0001H     UNIT         ?STACK

            * * * * * * *   C O D E   M E M O R Y   * * * * * * *
            CODE    0000H     0003H     ABSOLUTE     
            CODE    0003H     00CEH     UNIT         ?C?LIB_CODE
            CODE    00D1H     0070H     UNIT         ?PR?MAIN?MAIN
            CODE    0141H     001DH     UNIT         ?PR?DELAY?MAIN
            CODE    015EH     000CH     UNIT         ?C_C51STARTUP



OVERLAY MAP OF MODULE:   .\Objects\test (?C_STARTUP)


SEGMENT
  +--> CALLED SEGMENT
---------------------
?C_C51STARTUP
  +--> ?PR?MAIN?MAIN

?PR?MAIN?MAIN
  +--> ?PR?DELAY?MAIN



SYMBOL TABLE OF MODULE:  .\Objects\test (?C_STARTUP)

  VALUE           TYPE          NAME
  ----------------------------------

  -------         MODULE        ?C_STARTUP
  C:015EH         SEGMENT       ?C_C51STARTUP
  I:000CH         SEGMENT       ?STACK
  C:0000H         PUBLIC        ?C_STARTUP
  D:00E0H         SYMBOL        ACC
BL51 BANKED LINKER/LOCATER V6.22.4.0                                                  08/24/2023  15:40:58  PAGE 2


  D:00F0H         SYMBOL        B
  D:0083H         SYMBOL        DPH
  D:0082H         SYMBOL        DPL
  N:0000H         SYMBOL        IBPSTACK
  N:0100H         SYMBOL        IBPSTACKTOP
  N:0080H         SYMBOL        IDATALEN
  C:0161H         SYMBOL        IDATALOOP
  N:0000H         SYMBOL        PBPSTACK
  N:0100H         SYMBOL        PBPSTACKTOP
  N:0000H         SYMBOL        PDATALEN
  N:0000H         SYMBOL        PDATASTART
  N:0000H         SYMBOL        PPAGE
  N:0000H         SYMBOL        PPAGEENABLE
  D:00A0H         SYMBOL        PPAGE_SFR
  D:0081H         SYMBOL        SP
  C:015EH         SYMBOL        STARTUP1
  N:0000H         SYMBOL        XBPSTACK
  N:0000H         SYMBOL        XBPSTACKTOP
  N:0000H         SYMBOL        XDATALEN
  N:0000H         SYMBOL        XDATASTART
  C:0000H         LINE#         126
  C:015EH         LINE#         133
  C:0160H         LINE#         134
  C:0161H         LINE#         135
  C:0162H         LINE#         136
  C:0164H         LINE#         185
  C:0167H         LINE#         196
  -------         ENDMOD        ?C_STARTUP

  -------         MODULE        MAIN
  C:0000H         SYMBOL        _ICE_DUMMY_
  D:0092H         PUBLIC        P1M0
  D:0093H         PUBLIC        P0M1
  D:0096H         PUBLIC        P2M0
  D:0091H         PUBLIC        P1M1
  D:0080H         PUBLIC        P0
  D:00B2H         PUBLIC        P3M0
  D:0095H         PUBLIC        P2M1
  D:0090H         PUBLIC        P1
  D:00B4H         PUBLIC        P4M0
  D:00B1H         PUBLIC        P3M1
  D:00A0H         PUBLIC        P2
  D:00CAH         PUBLIC        P5M0
  D:00B3H         PUBLIC        P4M1
  D:00B0H         PUBLIC        P3
  D:00CCH         PUBLIC        P6M0
  D:00C9H         PUBLIC        P5M1
  D:00C0H         PUBLIC        P4
  D:00E2H         PUBLIC        P7M0
  D:00CBH         PUBLIC        P6M1
  D:00C8H         PUBLIC        P5
  D:00E1H         PUBLIC        P7M1
  D:00E8H         PUBLIC        P6
  B:00B0H.6       PUBLIC        LED1
  D:00F8H         PUBLIC        P7
  B:00B0H.7       PUBLIC        LED2
  D:00A8H         PUBLIC        IE
BL51 BANKED LINKER/LOCATER V6.22.4.0                                                  08/24/2023  15:40:58  PAGE 3


  B:00C8H.4       PUBLIC        NC
  C:0141H         PUBLIC        delay
  D:00B8H         PUBLIC        IP
  B:00C8H.5       PUBLIC        NO
  D:00D8H         PUBLIC        CCON
  C:00D1H         PUBLIC        main
  D:0098H         PUBLIC        SCON
  D:0088H         PUBLIC        TCON
  D:00D0H         PUBLIC        PSW
  D:0094H         PUBLIC        P0M0
  -------         PROC          DELAY
  -------         DO            
  D:0006H         SYMBOL        i
  D:0004H         SYMBOL        j
  -------         ENDDO         
  C:0141H         LINE#         7
  C:0141H         LINE#         8
  C:0141H         LINE#         11
  C:0144H         LINE#         12
  C:015DH         LINE#         13
  -------         ENDPROC       DELAY
  -------         PROC          MAIN
  -------         DO            
  D:0008H         SYMBOL        count
  -------         ENDDO         
  C:00D1H         LINE#         14
  C:00D1H         LINE#         15
  C:00D1H         LINE#         17
  C:00D4H         LINE#         18
  C:00D7H         LINE#         19
  C:00D9H         LINE#         20
  C:00DBH         LINE#         21
  C:00DDH         LINE#         22
  C:00DFH         LINE#         23
  C:00E1H         LINE#         24
  C:00E3H         LINE#         25
  C:00E5H         LINE#         26
  C:00E7H         LINE#         27
  C:00E9H         LINE#         28
  C:00EBH         LINE#         29
  C:00EDH         LINE#         30
  C:00EFH         LINE#         31
  C:00F1H         LINE#         32
  C:00F3H         LINE#         33
  C:00F5H         LINE#         35
  C:00F8H         LINE#         37
  C:00F8H         LINE#         38
  C:00F8H         LINE#         39
  C:0119H         LINE#         40
  C:0119H         LINE#         41
  C:011BH         LINE#         42
  C:011DH         LINE#         43
  C:011FH         LINE#         44
  C:011FH         LINE#         45
  C:0124H         LINE#         46
  C:0124H         LINE#         47
  C:0126H         LINE#         48
BL51 BANKED LINKER/LOCATER V6.22.4.0                                                  08/24/2023  15:40:58  PAGE 4


  C:0128H         LINE#         50
  C:0128H         LINE#         51
  C:012AH         LINE#         52
  C:012AH         LINE#         53
  -------         ENDPROC       MAIN
  -------         ENDMOD        MAIN

  -------         MODULE        ?C?ULDIV
  C:003FH         PUBLIC        ?C?ULDIV
  -------         ENDMOD        ?C?ULDIV

Program Size: data=13.0 xdata=0 code=362
LINK/LOCATE RUN COMPLETE.  0 WARNING(S),  0 ERROR(S)
